// Jest Snapshot v1, https://goo.gl/fbAQLP

exports[`Testing GiffExpertApp main app should match the snapshot correctly 1`] = `
<div
  className="animate__animated animate__fadeInRightBig"
>
  <h2>
    Gif Expert App
  </h2>
  <AddCategory
    setCategories={[Function]}
  />
  <hr />
  <ol />
</div>
`;
